Traceback (most recent call last):
  File "c:\users\jordan\appdata\local\programs\python\python39\lib\site-packages\jupyter_core\utils\__init__.py", line 154, in wrapped
    asyncio.get_running_loop()
RuntimeError: no running event loop

During handling of the above exception, another exception occurred:

Traceback (most recent call last):
  File "c:\users\jordan\appdata\local\programs\python\python39\lib\site-packages\jupyter_cache\executors\utils.py", line 58, in single_nb_execution
    executenb(
  File "c:\users\jordan\appdata\local\programs\python\python39\lib\site-packages\nbclient\client.py", line 1319, in execute
    return NotebookClient(nb=nb, resources=resources, km=km, **kwargs).execute()
  File "c:\users\jordan\appdata\local\programs\python\python39\lib\site-packages\jupyter_core\utils\__init__.py", line 158, in wrapped
    return loop.run_until_complete(inner)
  File "c:\users\jordan\appdata\local\programs\python\python39\lib\asyncio\base_events.py", line 642, in run_until_complete
    return future.result()
  File "c:\users\jordan\appdata\local\programs\python\python39\lib\site-packages\nbclient\client.py", line 709, in async_execute
    await self.async_execute_cell(
  File "c:\users\jordan\appdata\local\programs\python\python39\lib\site-packages\nbclient\client.py", line 1062, in async_execute_cell
    await self._check_raise_for_error(cell, cell_index, exec_reply)
  File "c:\users\jordan\appdata\local\programs\python\python39\lib\site-packages\nbclient\client.py", line 918, in _check_raise_for_error
    raise CellExecutionError.from_cell_and_msg(cell, exec_reply_content)
nbclient.exceptions.CellExecutionError: An error occurred while executing the following cell:
------------------
import pandas as pd
import matplotlib.pyplot as plt
import numpy as np
from sklearn.decomposition import PCA
from sklearn.neighbors import NearestNeighbors
from sqlalchemy import create_engine
from collections import Counter

# === 1. Koneksi ke MySQL XAMPP ===
engine = create_engine("mysql+pymysql://root:@localhost:3306/ecoli")

# ambil data dari tabel
df = pd.read_sql("SELECT * FROM ecoli;", engine)

print("Jumlah baris:", len(df))
print(df.head())

# === 3. Pisahkan fitur & label ===
X = df[[f"feature{i}" for i in range(1, 8)]].values
y = df["class_label"].values

# === 4. PCA untuk data asli ===
pca = PCA(n_components=2)
X_pca = pca.fit_transform(X)

plt.figure(figsize=(8,6))
for label in np.unique(y):
    idx = (y == label)
    plt.scatter(X_pca[idx,0], X_pca[idx,1], label=label, alpha=0.7)
plt.title("PCA Scatter Plot (Original Data)")
plt.xlabel("PC1"); plt.ylabel("PC2")
plt.legend(); plt.show()

# === 5. Custom SMOTE Oversampling ===
class_counts = Counter(y)
print("Distribusi kelas sebelum balancing:", class_counts)

max_class_size = max(class_counts.values())
X_res, y_res = [], []

k_neighbors = 5  # jumlah tetangga untuk interpolasi

for cls in np.unique(y):
    X_cls = X[y == cls]
    n_samples = len(X_cls)
    n_to_add = max_class_size - n_samples

    X_res.append(X_cls)
    y_res.extend([cls] * n_samples)

    if n_to_add > 0:
        # Cari k tetangga terdekat
        nn = NearestNeighbors(n_neighbors=min(k_neighbors, len(X_cls)))
        nn.fit(X_cls)

        synthetic_samples = []
        for _ in range(n_to_add):
            i = np.random.randint(0, len(X_cls))
            x_i = X_cls[i].reshape(1, -1)

            neighbors = nn.kneighbors(x_i, return_distance=False)
            neighbor_idx = np.random.choice(neighbors[0])
            x_neighbor = X_cls[neighbor_idx]

            # Interpolasi linear (SMOTE)
            lam = np.random.rand()
            x_new = x_i + lam * (x_neighbor - x_i)
            synthetic_samples.append(x_new.flatten())

        X_res.append(np.array(synthetic_samples))
        y_res.extend([cls] * n_to_add)

X_res = np.vstack(X_res)
y_res = np.array(y_res)

print("Distribusi kelas setelah balancing:", Counter(y_res))

# === 6. Tandai data sintetis ===
X_rounded = np.round(X, 5)
X_res_rounded = np.round(X_res, 5)
synthetic_mask = [tuple(x) not in set(map(tuple, X_rounded)) for x in X_res_rounded]

# === 7. PCA untuk hasil balancing ===
X_res_pca = pca.transform(X_res)

plt.figure(figsize=(8,6))
for label in np.unique(y_res):
    idx = (y_res == label)
    plt.scatter(X_res_pca[idx,0], X_res_pca[idx,1], label=label, alpha=0.5)

plt.scatter(X_res_pca[synthetic_mask,0], X_res_pca[synthetic_mask,1],
            c="red", marker="x", label="Synthetic Data")

plt.title("PCA Scatter Plot (Balanced with SMOTE Oversampling)")
plt.xlabel("PC1"); plt.ylabel("PC2")
plt.legend(); plt.show()

# === 8. Simpan hasil balancing ke CSV ===
df_balanced = pd.DataFrame(X_res, columns=[f"feature{i}" for i in range(1, 8)])
df_balanced["class_label"] = y_res

# tambahkan kolom id_protein (auto-generate)
df_balanced.insert(0, "id_protein", [f"P{str(i+1).zfill(4)}" for i in range(len(df_balanced))])

df_balanced.to_csv("ecoli_balanced_smote.csv", index=False)
print("✅ Hasil balancing SMOTE berhasil disimpan ke 'ecoli_balanced_smote.csv'")

------------------


[1;31m---------------------------------------------------------------------------[0m
[1;31mValueError[0m                                Traceback (most recent call last)
Cell [1;32mIn[1], line 1[0m
[1;32m----> 1[0m [38;5;28;01mimport[39;00m[38;5;250m [39m[38;5;21;01mpandas[39;00m[38;5;250m [39m[38;5;28;01mas[39;00m[38;5;250m [39m[38;5;21;01mpd[39;00m
[0;32m      2[0m [38;5;28;01mimport[39;00m[38;5;250m [39m[38;5;21;01mmatplotlib[39;00m[38;5;21;01m.[39;00m[38;5;21;01mpyplot[39;00m[38;5;250m [39m[38;5;28;01mas[39;00m[38;5;250m [39m[38;5;21;01mplt[39;00m
[0;32m      3[0m [38;5;28;01mimport[39;00m[38;5;250m [39m[38;5;21;01mnumpy[39;00m[38;5;250m [39m[38;5;28;01mas[39;00m[38;5;250m [39m[38;5;21;01mnp[39;00m

File [1;32mc:\users\jordan\appdata\local\programs\python\python39\lib\site-packages\pandas\__init__.py:73[0m
[0;32m     70[0m [38;5;66;03m# let init-time option registration happen[39;00m
[0;32m     71[0m [38;5;28;01mimport[39;00m[38;5;250m [39m[38;5;21;01mpandas[39;00m[38;5;21;01m.[39;00m[38;5;21;01mcore[39;00m[38;5;21;01m.[39;00m[38;5;21;01mconfig_init[39;00m  [38;5;66;03m# pyright: ignore[reportUnusedImport] # noqa: F401[39;00m
[1;32m---> 73[0m [38;5;28;01mfrom[39;00m[38;5;250m [39m[38;5;21;01mpandas[39;00m[38;5;21;01m.[39;00m[38;5;21;01mcore[39;00m[38;5;21;01m.[39;00m[38;5;21;01mapi[39;00m[38;5;250m [39m[38;5;28;01mimport[39;00m (
[0;32m     74[0m     [38;5;66;03m# dtype[39;00m
[0;32m     75[0m     ArrowDtype,
[0;32m     76[0m     Int8Dtype,
[0;32m     77[0m     Int16Dtype,
[0;32m     78[0m     Int32Dtype,
[0;32m     79[0m     Int64Dtype,
[0;32m     80[0m     UInt8Dtype,
[0;32m     81[0m     UInt16Dtype,
[0;32m     82[0m     UInt32Dtype,
[0;32m     83[0m     UInt64Dtype,
[0;32m     84[0m     Float32Dtype,
[0;32m     85[0m     Float64Dtype,
[0;32m     86[0m     CategoricalDtype,
[0;32m     87[0m     PeriodDtype,
[0;32m     88[0m     IntervalDtype,
[0;32m     89[0m     DatetimeTZDtype,
[0;32m     90[0m     StringDtype,
[0;32m     91[0m     BooleanDtype,
[0;32m     92[0m     [38;5;66;03m# missing[39;00m
[0;32m     93[0m     NA,
[0;32m     94[0m     isna,
[0;32m     95[0m     isnull,
[0;32m     96[0m     notna,
[0;32m     97[0m     notnull,
[0;32m     98[0m     [38;5;66;03m# indexes[39;00m
[0;32m     99[0m     Index,
[0;32m    100[0m     CategoricalIndex,
[0;32m    101[0m     RangeIndex,
[0;32m    102[0m     MultiIndex,
[0;32m    103[0m     IntervalIndex,
[0;32m    104[0m     TimedeltaIndex,
[0;32m    105[0m     DatetimeIndex,
[0;32m    106[0m     PeriodIndex,
[0;32m    107[0m     IndexSlice,
[0;32m    108[0m     [38;5;66;03m# tseries[39;00m
[0;32m    109[0m     NaT,
[0;32m    110[0m     Period,
[0;32m    111[0m     period_range,
[0;32m    112[0m     Timedelta,
[0;32m    113[0m     timedelta_range,
[0;32m    114[0m     Timestamp,
[0;32m    115[0m     date_range,
[0;32m    116[0m     bdate_range,
[0;32m    117[0m     Interval,
[0;32m    118[0m     interval_range,
[0;32m    119[0m     DateOffset,
[0;32m    120[0m     [38;5;66;03m# conversion[39;00m
[0;32m    121[0m     to_numeric,
[0;32m    122[0m     to_datetime,
[0;32m    123[0m     to_timedelta,
[0;32m    124[0m     [38;5;66;03m# misc[39;00m
[0;32m    125[0m     Flags,
[0;32m    126[0m     Grouper,
[0;32m    127[0m     factorize,
[0;32m    128[0m     unique,
[0;32m    129[0m     value_counts,
[0;32m    130[0m     NamedAgg,
[0;32m    131[0m     array,
[0;32m    132[0m     Categorical,
[0;32m    133[0m     set_eng_float_format,
[0;32m    134[0m     Series,
[0;32m    135[0m     DataFrame,
[0;32m    136[0m )
[0;32m    138[0m [38;5;28;01mfrom[39;00m[38;5;250m [39m[38;5;21;01mpandas[39;00m[38;5;21;01m.[39;00m[38;5;21;01mcore[39;00m[38;5;21;01m.[39;00m[38;5;21;01mdtypes[39;00m[38;5;21;01m.[39;00m[38;5;21;01mdtypes[39;00m[38;5;250m [39m[38;5;28;01mimport[39;00m SparseDtype
[0;32m    140[0m [38;5;28;01mfrom[39;00m[38;5;250m [39m[38;5;21;01mpandas[39;00m[38;5;21;01m.[39;00m[38;5;21;01mtseries[39;00m[38;5;21;01m.[39;00m[38;5;21;01mapi[39;00m[38;5;250m [39m[38;5;28;01mimport[39;00m infer_freq

File [1;32mc:\users\jordan\appdata\local\programs\python\python39\lib\site-packages\pandas\core\api.py:1[0m
[1;32m----> 1[0m [38;5;28;01mfrom[39;00m[38;5;250m [39m[38;5;21;01mpandas[39;00m[38;5;21;01m.[39;00m[38;5;21;01m_libs[39;00m[38;5;250m [39m[38;5;28;01mimport[39;00m (
[0;32m      2[0m     NaT,
[0;32m      3[0m     Period,
[0;32m      4[0m     Timedelta,
[0;32m      5[0m     Timestamp,
[0;32m      6[0m )
[0;32m      7[0m [38;5;28;01mfrom[39;00m[38;5;250m [39m[38;5;21;01mpandas[39;00m[38;5;21;01m.[39;00m[38;5;21;01m_libs[39;00m[38;5;21;01m.[39;00m[38;5;21;01mmissing[39;00m[38;5;250m [39m[38;5;28;01mimport[39;00m NA
[0;32m      9[0m [38;5;28;01mfrom[39;00m[38;5;250m [39m[38;5;21;01mpandas[39;00m[38;5;21;01m.[39;00m[38;5;21;01mcore[39;00m[38;5;21;01m.[39;00m[38;5;21;01mdtypes[39;00m[38;5;21;01m.[39;00m[38;5;21;01mdtypes[39;00m[38;5;250m [39m[38;5;28;01mimport[39;00m (
[0;32m     10[0m     ArrowDtype,
[0;32m     11[0m     CategoricalDtype,
[1;32m   (...)[0m
[0;32m     14[0m     PeriodDtype,
[0;32m     15[0m )

File [1;32mc:\users\jordan\appdata\local\programs\python\python39\lib\site-packages\pandas\_libs\__init__.py:18[0m
[0;32m     16[0m [38;5;28;01mimport[39;00m[38;5;250m [39m[38;5;21;01mpandas[39;00m[38;5;21;01m.[39;00m[38;5;21;01m_libs[39;00m[38;5;21;01m.[39;00m[38;5;21;01mpandas_parser[39;00m  [38;5;66;03m# noqa: E501 # isort: skip # type: ignore[reportUnusedImport][39;00m
[0;32m     17[0m [38;5;28;01mimport[39;00m[38;5;250m [39m[38;5;21;01mpandas[39;00m[38;5;21;01m.[39;00m[38;5;21;01m_libs[39;00m[38;5;21;01m.[39;00m[38;5;21;01mpandas_datetime[39;00m  [38;5;66;03m# noqa: F401,E501 # isort: skip # type: ignore[reportUnusedImport][39;00m
[1;32m---> 18[0m [38;5;28;01mfrom[39;00m[38;5;250m [39m[38;5;21;01mpandas[39;00m[38;5;21;01m.[39;00m[38;5;21;01m_libs[39;00m[38;5;21;01m.[39;00m[38;5;21;01minterval[39;00m[38;5;250m [39m[38;5;28;01mimport[39;00m Interval
[0;32m     19[0m [38;5;28;01mfrom[39;00m[38;5;250m [39m[38;5;21;01mpandas[39;00m[38;5;21;01m.[39;00m[38;5;21;01m_libs[39;00m[38;5;21;01m.[39;00m[38;5;21;01mtslibs[39;00m[38;5;250m [39m[38;5;28;01mimport[39;00m (
[0;32m     20[0m     NaT,
[0;32m     21[0m     NaTType,
[1;32m   (...)[0m
[0;32m     26[0m     iNaT,
[0;32m     27[0m )

File [1;32minterval.pyx:1[0m, in [0;36minit pandas._libs.interval[1;34m()[0m

[1;31mValueError[0m: numpy.dtype size changed, may indicate binary incompatibility. Expected 96 from C header, got 88 from PyObject

