Traceback (most recent call last):
  File "c:\users\jordan\appdata\local\programs\python\python39\lib\site-packages\jupyter_core\utils\__init__.py", line 154, in wrapped
    asyncio.get_running_loop()
RuntimeError: no running event loop

During handling of the above exception, another exception occurred:

Traceback (most recent call last):
  File "c:\users\jordan\appdata\local\programs\python\python39\lib\site-packages\jupyter_cache\executors\utils.py", line 58, in single_nb_execution
    executenb(
  File "c:\users\jordan\appdata\local\programs\python\python39\lib\site-packages\nbclient\client.py", line 1319, in execute
    return NotebookClient(nb=nb, resources=resources, km=km, **kwargs).execute()
  File "c:\users\jordan\appdata\local\programs\python\python39\lib\site-packages\jupyter_core\utils\__init__.py", line 158, in wrapped
    return loop.run_until_complete(inner)
  File "c:\users\jordan\appdata\local\programs\python\python39\lib\asyncio\base_events.py", line 642, in run_until_complete
    return future.result()
  File "c:\users\jordan\appdata\local\programs\python\python39\lib\site-packages\nbclient\client.py", line 709, in async_execute
    await self.async_execute_cell(
  File "c:\users\jordan\appdata\local\programs\python\python39\lib\site-packages\nbclient\client.py", line 1062, in async_execute_cell
    await self._check_raise_for_error(cell, cell_index, exec_reply)
  File "c:\users\jordan\appdata\local\programs\python\python39\lib\site-packages\nbclient\client.py", line 918, in _check_raise_for_error
    raise CellExecutionError.from_cell_and_msg(cell, exec_reply_content)
nbclient.exceptions.CellExecutionError: An error occurred while executing the following cell:
------------------
import pandas as pd
import matplotlib.pyplot as plt
import numpy as np
from sklearn.decomposition import PCA
from sklearn.neighbors import NearestNeighbors
from sqlalchemy import create_engine
from collections import Counter

# === 1. Koneksi ke MySQL XAMPP ===
engine = create_engine("mysql+pymysql://root:@localhost:3306/ecoli")

# ambil data dari tabel
df = pd.read_sql("SELECT * FROM ecoli;", engine)

print("Jumlah baris:", len(df))
print(df.head())

# === 3. Pisahkan fitur & label ===
X = df[[f"feature{i}" for i in range(1, 8)]].values
y = df["class_label"].values

# === 4. PCA untuk data asli ===
pca = PCA(n_components=2)
X_pca = pca.fit_transform(X)

plt.figure(figsize=(8,6))
for label in np.unique(y):
    idx = (y == label)
    plt.scatter(X_pca[idx,0], X_pca[idx,1], label=label, alpha=0.7)
plt.title("PCA Scatter Plot (Original Data)")
plt.xlabel("PC1"); plt.ylabel("PC2")
plt.legend(); plt.show()

# === 5. Custom SMOTE Oversampling ===
class_counts = Counter(y)
print("Distribusi kelas sebelum balancing:", class_counts)

max_class_size = max(class_counts.values())
X_res, y_res = [], []

k_neighbors = 5  # jumlah tetangga untuk interpolasi

for cls in np.unique(y):
    X_cls = X[y == cls]
    n_samples = len(X_cls)
    n_to_add = max_class_size - n_samples

    X_res.append(X_cls)
    y_res.extend([cls] * n_samples)

    if n_to_add > 0:
        # Cari k tetangga terdekat
        nn = NearestNeighbors(n_neighbors=min(k_neighbors, len(X_cls)))
        nn.fit(X_cls)

        synthetic_samples = []
        for _ in range(n_to_add):
            i = np.random.randint(0, len(X_cls))
            x_i = X_cls[i].reshape(1, -1)

            neighbors = nn.kneighbors(x_i, return_distance=False)
            neighbor_idx = np.random.choice(neighbors[0])
            x_neighbor = X_cls[neighbor_idx]

            # Interpolasi linear (SMOTE)
            lam = np.random.rand()
            x_new = x_i + lam * (x_neighbor - x_i)
            synthetic_samples.append(x_new.flatten())

        X_res.append(np.array(synthetic_samples))
        y_res.extend([cls] * n_to_add)

X_res = np.vstack(X_res)
y_res = np.array(y_res)

print("Distribusi kelas setelah balancing:", Counter(y_res))

# === 6. Tandai data sintetis ===
X_rounded = np.round(X, 5)
X_res_rounded = np.round(X_res, 5)
synthetic_mask = [tuple(x) not in set(map(tuple, X_rounded)) for x in X_res_rounded]

# === 7. PCA untuk hasil balancing ===
X_res_pca = pca.transform(X_res)

plt.figure(figsize=(8,6))
for label in np.unique(y_res):
    idx = (y_res == label)
    plt.scatter(X_res_pca[idx,0], X_res_pca[idx,1], label=label, alpha=0.5)

plt.scatter(X_res_pca[synthetic_mask,0], X_res_pca[synthetic_mask,1],
            c="red", marker="x", label="Synthetic Data")

plt.title("PCA Scatter Plot (Balanced with SMOTE Oversampling)")
plt.xlabel("PC1"); plt.ylabel("PC2")
plt.legend(); plt.show()

# === 8. Simpan hasil balancing ke CSV ===
df_balanced = pd.DataFrame(X_res, columns=[f"feature{i}" for i in range(1, 8)])
df_balanced["class_label"] = y_res

# tambahkan kolom id_protein (auto-generate)
df_balanced.insert(0, "id_protein", [f"P{str(i+1).zfill(4)}" for i in range(len(df_balanced))])

df_balanced.to_csv("ecoli_balanced_smote.csv", index=False)
print("✅ Hasil balancing SMOTE berhasil disimpan ke 'ecoli_balanced_smote.csv'")

------------------


[1;31m---------------------------------------------------------------------------[0m
[1;31mAttributeError[0m                            Traceback (most recent call last)
Cell [1;32mIn[1], line 13[0m
[0;32m     10[0m engine [38;5;241m=[39m create_engine([38;5;124m"[39m[38;5;124mmysql+pymysql://root:@localhost:3306/ecoli[39m[38;5;124m"[39m)
[0;32m     12[0m [38;5;66;03m# ambil data dari tabel[39;00m
[1;32m---> 13[0m df [38;5;241m=[39m [43mpd[49m[38;5;241;43m.[39;49m[43mread_sql[49m[43m([49m[38;5;124;43m"[39;49m[38;5;124;43mSELECT * FROM ecoli;[39;49m[38;5;124;43m"[39;49m[43m,[49m[43m [49m[43mengine[49m[43m)[49m
[0;32m     15[0m [38;5;28mprint[39m([38;5;124m"[39m[38;5;124mJumlah baris:[39m[38;5;124m"[39m, [38;5;28mlen[39m(df))
[0;32m     16[0m [38;5;28mprint[39m(df[38;5;241m.[39mhead())

File [1;32mc:\users\jordan\appdata\local\programs\python\python39\lib\site-packages\pandas\io\sql.py:590[0m, in [0;36mread_sql[1;34m(sql, con, index_col, coerce_float, params, parse_dates, columns, chunksize)[0m
[0;32m    581[0m     [38;5;28;01mreturn[39;00m pandas_sql[38;5;241m.[39mread_table(
[0;32m    582[0m         sql,
[0;32m    583[0m         index_col[38;5;241m=[39mindex_col,
[1;32m   (...)[0m
[0;32m    587[0m         chunksize[38;5;241m=[39mchunksize,
[0;32m    588[0m     )
[0;32m    589[0m [38;5;28;01melse[39;00m:
[1;32m--> 590[0m     [38;5;28;01mreturn[39;00m [43mpandas_sql[49m[38;5;241;43m.[39;49m[43mread_query[49m[43m([49m
[0;32m    591[0m [43m        [49m[43msql[49m[43m,[49m
[0;32m    592[0m [43m        [49m[43mindex_col[49m[38;5;241;43m=[39;49m[43mindex_col[49m[43m,[49m
[0;32m    593[0m [43m        [49m[43mparams[49m[38;5;241;43m=[39;49m[43mparams[49m[43m,[49m
[0;32m    594[0m [43m        [49m[43mcoerce_float[49m[38;5;241;43m=[39;49m[43mcoerce_float[49m[43m,[49m
[0;32m    595[0m [43m        [49m[43mparse_dates[49m[38;5;241;43m=[39;49m[43mparse_dates[49m[43m,[49m
[0;32m    596[0m [43m        [49m[43mchunksize[49m[38;5;241;43m=[39;49m[43mchunksize[49m[43m,[49m
[0;32m    597[0m [43m    [49m[43m)[49m

File [1;32mc:\users\jordan\appdata\local\programs\python\python39\lib\site-packages\pandas\io\sql.py:1560[0m, in [0;36mSQLDatabase.read_query[1;34m(self, sql, index_col, coerce_float, parse_dates, params, chunksize, dtype)[0m
[0;32m   1512[0m [38;5;250m[39m[38;5;124;03m"""[39;00m
[0;32m   1513[0m [38;5;124;03mRead SQL query into a DataFrame.[39;00m
[0;32m   1514[0m 
[1;32m   (...)[0m
[0;32m   1556[0m 
[0;32m   1557[0m [38;5;124;03m"""[39;00m
[0;32m   1558[0m args [38;5;241m=[39m _convert_params(sql, params)
[1;32m-> 1560[0m result [38;5;241m=[39m [38;5;28;43mself[39;49m[38;5;241;43m.[39;49m[43mexecute[49m[43m([49m[38;5;241;43m*[39;49m[43margs[49m[43m)[49m
[0;32m   1561[0m columns [38;5;241m=[39m result[38;5;241m.[39mkeys()
[0;32m   1563[0m [38;5;28;01mif[39;00m chunksize [38;5;129;01mis[39;00m [38;5;129;01mnot[39;00m [38;5;28;01mNone[39;00m:

File [1;32mc:\users\jordan\appdata\local\programs\python\python39\lib\site-packages\pandas\io\sql.py:1405[0m, in [0;36mSQLDatabase.execute[1;34m(self, *args, **kwargs)[0m
[0;32m   1403[0m [38;5;28;01mdef[39;00m[38;5;250m [39m[38;5;21mexecute[39m([38;5;28mself[39m, [38;5;241m*[39margs, [38;5;241m*[39m[38;5;241m*[39mkwargs):
[0;32m   1404[0m [38;5;250m    [39m[38;5;124;03m"""Simple passthrough to SQLAlchemy connectable"""[39;00m
[1;32m-> 1405[0m     [38;5;28;01mreturn[39;00m [38;5;28;43mself[39;49m[38;5;241;43m.[39;49m[43mconnectable[49m[38;5;241;43m.[39;49m[43mexecution_options[49m[43m([49m[43m)[49m[38;5;241;43m.[39;49m[43mexecute[49m([38;5;241m*[39margs, [38;5;241m*[39m[38;5;241m*[39mkwargs)

[1;31mAttributeError[0m: 'OptionEngine' object has no attribute 'execute'

