Traceback (most recent call last):
  File "c:\users\jordan\appdata\local\programs\python\python39\lib\site-packages\jupyter_core\utils\__init__.py", line 154, in wrapped
    asyncio.get_running_loop()
RuntimeError: no running event loop

During handling of the above exception, another exception occurred:

Traceback (most recent call last):
  File "c:\users\jordan\appdata\local\programs\python\python39\lib\site-packages\jupyter_cache\executors\utils.py", line 58, in single_nb_execution
    executenb(
  File "c:\users\jordan\appdata\local\programs\python\python39\lib\site-packages\nbclient\client.py", line 1319, in execute
    return NotebookClient(nb=nb, resources=resources, km=km, **kwargs).execute()
  File "c:\users\jordan\appdata\local\programs\python\python39\lib\site-packages\jupyter_core\utils\__init__.py", line 158, in wrapped
    return loop.run_until_complete(inner)
  File "c:\users\jordan\appdata\local\programs\python\python39\lib\asyncio\base_events.py", line 642, in run_until_complete
    return future.result()
  File "c:\users\jordan\appdata\local\programs\python\python39\lib\site-packages\nbclient\client.py", line 709, in async_execute
    await self.async_execute_cell(
  File "c:\users\jordan\appdata\local\programs\python\python39\lib\site-packages\nbclient\client.py", line 1062, in async_execute_cell
    await self._check_raise_for_error(cell, cell_index, exec_reply)
  File "c:\users\jordan\appdata\local\programs\python\python39\lib\site-packages\nbclient\client.py", line 918, in _check_raise_for_error
    raise CellExecutionError.from_cell_and_msg(cell, exec_reply_content)
nbclient.exceptions.CellExecutionError: An error occurred while executing the following cell:
------------------
import pymysql
import psycopg2
import pandas as pd
from sqlalchemy import create_engine

# Buat engine SQLAlchemy untuk MySQL
mysql_engine = create_engine(
    "mysql+pymysql://avnadmin:AVNS_WV9i6KvYoQZ3s6FclWP@mysql-3c768195-aqbilbaraka.d.aivencloud.com:16932/defaultdb"
)

# Buat engine SQLAlchemy untuk PostgreSQL
postgres_engine = create_engine(
    "postgresql+psycopg2://avnadmin:AVNS_Cq_rz3j4QTiiunKJ08p@pg-17afc059-aqbilbaraka.d.aivencloud.com:16932/defaultdb"
)

# Query untuk mengambil data
mysql_query = "SELECT id, class, petallength, petalwidth FROM irismysql"
postgres_query = "SELECT id, sepallength, sepalwidth FROM irispostgresql"

# Ambil data dari MySQL dan PostgreSQL sebagai DataFrame Pandas
df_mysql = pd.read_sql(mysql_query, mysql_engine, coerce_float=True)
df_postgresql = pd.read_sql(postgres_query, postgres_engine, coerce_float=True)

# **Gabungkan Data berdasarkan 'id'**
df_combined = pd.merge(df_mysql, df_postgresql, on="id", how="inner")

# Tampilkan hasil
print(df_combined.head())

# Jika ingin menyimpan hasil ke CSV
df_combined.to_csv("data_gabungan_iris.csv", index=False)
------------------


[1;31m---------------------------------------------------------------------------[0m
[1;31mModuleNotFoundError[0m                       Traceback (most recent call last)
Cell [1;32mIn[1], line 2[0m
[0;32m      1[0m [38;5;28;01mimport[39;00m[38;5;250m [39m[38;5;21;01mpymysql[39;00m
[1;32m----> 2[0m [38;5;28;01mimport[39;00m[38;5;250m [39m[38;5;21;01mpsycopg2[39;00m
[0;32m      3[0m [38;5;28;01mimport[39;00m[38;5;250m [39m[38;5;21;01mpandas[39;00m[38;5;250m [39m[38;5;28;01mas[39;00m[38;5;250m [39m[38;5;21;01mpd[39;00m
[0;32m      4[0m [38;5;28;01mfrom[39;00m[38;5;250m [39m[38;5;21;01msqlalchemy[39;00m[38;5;250m [39m[38;5;28;01mimport[39;00m create_engine

[1;31mModuleNotFoundError[0m: No module named 'psycopg2'

