Traceback (most recent call last):
  File "c:\users\jordan\appdata\local\programs\python\python39\lib\site-packages\jupyter_core\utils\__init__.py", line 154, in wrapped
    asyncio.get_running_loop()
RuntimeError: no running event loop

During handling of the above exception, another exception occurred:

Traceback (most recent call last):
  File "c:\users\jordan\appdata\local\programs\python\python39\lib\site-packages\jupyter_cache\executors\utils.py", line 58, in single_nb_execution
    executenb(
  File "c:\users\jordan\appdata\local\programs\python\python39\lib\site-packages\nbclient\client.py", line 1319, in execute
    return NotebookClient(nb=nb, resources=resources, km=km, **kwargs).execute()
  File "c:\users\jordan\appdata\local\programs\python\python39\lib\site-packages\jupyter_core\utils\__init__.py", line 158, in wrapped
    return loop.run_until_complete(inner)
  File "c:\users\jordan\appdata\local\programs\python\python39\lib\asyncio\base_events.py", line 642, in run_until_complete
    return future.result()
  File "c:\users\jordan\appdata\local\programs\python\python39\lib\site-packages\nbclient\client.py", line 709, in async_execute
    await self.async_execute_cell(
  File "c:\users\jordan\appdata\local\programs\python\python39\lib\site-packages\nbclient\client.py", line 1062, in async_execute_cell
    await self._check_raise_for_error(cell, cell_index, exec_reply)
  File "c:\users\jordan\appdata\local\programs\python\python39\lib\site-packages\nbclient\client.py", line 918, in _check_raise_for_error
    raise CellExecutionError.from_cell_and_msg(cell, exec_reply_content)
nbclient.exceptions.CellExecutionError: An error occurred while executing the following cell:
------------------
import librosa
import numpy as np
import pandas as pd
import pickle
from IPython.display import Audio, display

# ────────────────────────────────
# 1️⃣ Muat model dan scaler
# ────────────────────────────────
model = pickle.load(open("model_knn_buka_tutup.pkl", "rb"))
scaler = pickle.load(open("scaler_buka_tutup.pkl", "rb"))

# ────────────────────────────────
# 2️⃣ Tentukan file audio yang mau diuji
# ────────────────────────────────
file_path = "dataset48k/val/tutup/tutup48k-tutup_151.wav.wav"   # ganti sesuai file kamu
sr = 48000  # karena dataset48k → 48 kHz

# ────────────────────────────────
# 3️⃣ Load dan tampilkan audio
# ────────────────────────────────
y, _ = librosa.load(file_path, sr=sr)
display(Audio(data=y, rate=_))

# ────────────────────────────────
# 4️⃣ Preprocessing audio (trim & normalisasi)
# ────────────────────────────────
y_trimmed, _ = librosa.effects.trim(y, top_db=20)
y_norm = y_trimmed / np.max(np.abs(y_trimmed))

# ────────────────────────────────
# 5️⃣ Ekstraksi fitur (sama seperti waktu training)
# ────────────────────────────────
def extract_features(y, sr):
    mean = np.mean(y)
    std = np.std(y)
    rms = np.mean(librosa.feature.rms(y=y))
    zcr = np.mean(librosa.feature.zero_crossing_rate(y))
    centroid = np.mean(librosa.feature.spectral_centroid(y=y, sr=sr))
    bandwidth = np.mean(librosa.feature.spectral_bandwidth(y=y, sr=sr))
    contrast = np.mean(librosa.feature.spectral_contrast(y=y, sr=sr))
    rolloff = np.mean(librosa.feature.spectral_rolloff(y=y, sr=sr))
    return {
        "mean": mean,
        "std": std,
        "rms": rms,
        "zcr": zcr,
        "centroid": centroid,
        "bandwidth": bandwidth,
        "contrast": contrast,
        "rolloff": rolloff
    }

feat = extract_features(y_norm, sr)
feat_df = pd.DataFrame([feat])

# ────────────────────────────────
# 6️⃣ Normalisasi fitur menggunakan scaler
# ────────────────────────────────
feat_scaled = scaler.transform(feat_df)

# ────────────────────────────────
# 7️⃣ Prediksi label dan probabilitas
# ────────────────────────────────
pred = model.predict(feat_scaled)[0]
prob = model.predict_proba(feat_scaled)[0]
classes = model.classes_

# ────────────────────────────────
# 8️⃣ Tampilkan hasil prediksi
# ────────────────────────────────
print("\n🎧 Hasil Klasifikasi:")
print("--------------------------")
print("Prediksi :", pred)
print("\nProbabilitas:")
for cls, p in zip(classes, prob):
    print(f"{cls}: {p*100:.2f}%")

------------------


[1;31m---------------------------------------------------------------------------[0m
[1;31mValueError[0m                                Traceback (most recent call last)
Cell [1;32mIn[7], line 60[0m
[0;32m     55[0m feat_df [38;5;241m=[39m pd[38;5;241m.[39mDataFrame([feat])
[0;32m     57[0m [38;5;66;03m# ────────────────────────────────[39;00m
[0;32m     58[0m [38;5;66;03m# 6️⃣ Normalisasi fitur menggunakan scaler[39;00m
[0;32m     59[0m [38;5;66;03m# ────────────────────────────────[39;00m
[1;32m---> 60[0m feat_scaled [38;5;241m=[39m [43mscaler[49m[38;5;241;43m.[39;49m[43mtransform[49m[43m([49m[43mfeat_df[49m[43m)[49m
[0;32m     62[0m [38;5;66;03m# ────────────────────────────────[39;00m
[0;32m     63[0m [38;5;66;03m# 7️⃣ Prediksi label dan probabilitas[39;00m
[0;32m     64[0m [38;5;66;03m# ────────────────────────────────[39;00m
[0;32m     65[0m pred [38;5;241m=[39m model[38;5;241m.[39mpredict(feat_scaled)[[38;5;241m0[39m]

File [1;32mc:\users\jordan\appdata\local\programs\python\python39\lib\site-packages\sklearn\utils\_set_output.py:295[0m, in [0;36m_wrap_method_output.<locals>.wrapped[1;34m(self, X, *args, **kwargs)[0m
[0;32m    293[0m [38;5;129m@wraps[39m(f)
[0;32m    294[0m [38;5;28;01mdef[39;00m[38;5;250m [39m[38;5;21mwrapped[39m([38;5;28mself[39m, X, [38;5;241m*[39margs, [38;5;241m*[39m[38;5;241m*[39mkwargs):
[1;32m--> 295[0m     data_to_wrap [38;5;241m=[39m f([38;5;28mself[39m, X, [38;5;241m*[39margs, [38;5;241m*[39m[38;5;241m*[39mkwargs)
[0;32m    296[0m     [38;5;28;01mif[39;00m [38;5;28misinstance[39m(data_to_wrap, [38;5;28mtuple[39m):
[0;32m    297[0m         [38;5;66;03m# only wrap the first output for cross decomposition[39;00m
[0;32m    298[0m         return_tuple [38;5;241m=[39m (
[0;32m    299[0m             _wrap_data_with_container(method, data_to_wrap[[38;5;241m0[39m], X, [38;5;28mself[39m),
[0;32m    300[0m             [38;5;241m*[39mdata_to_wrap[[38;5;241m1[39m:],
[0;32m    301[0m         )

File [1;32mc:\users\jordan\appdata\local\programs\python\python39\lib\site-packages\sklearn\preprocessing\_data.py:1043[0m, in [0;36mStandardScaler.transform[1;34m(self, X, copy)[0m
[0;32m   1040[0m check_is_fitted([38;5;28mself[39m)
[0;32m   1042[0m copy [38;5;241m=[39m copy [38;5;28;01mif[39;00m copy [38;5;129;01mis[39;00m [38;5;129;01mnot[39;00m [38;5;28;01mNone[39;00m [38;5;28;01melse[39;00m [38;5;28mself[39m[38;5;241m.[39mcopy
[1;32m-> 1043[0m X [38;5;241m=[39m [38;5;28;43mself[39;49m[38;5;241;43m.[39;49m[43m_validate_data[49m[43m([49m
[0;32m   1044[0m [43m    [49m[43mX[49m[43m,[49m
[0;32m   1045[0m [43m    [49m[43mreset[49m[38;5;241;43m=[39;49m[38;5;28;43;01mFalse[39;49;00m[43m,[49m
[0;32m   1046[0m [43m    [49m[43maccept_sparse[49m[38;5;241;43m=[39;49m[38;5;124;43m"[39;49m[38;5;124;43mcsr[39;49m[38;5;124;43m"[39;49m[43m,[49m
[0;32m   1047[0m [43m    [49m[43mcopy[49m[38;5;241;43m=[39;49m[43mcopy[49m[43m,[49m
[0;32m   1048[0m [43m    [49m[43mdtype[49m[38;5;241;43m=[39;49m[43mFLOAT_DTYPES[49m[43m,[49m
[0;32m   1049[0m [43m    [49m[43mforce_all_finite[49m[38;5;241;43m=[39;49m[38;5;124;43m"[39;49m[38;5;124;43mallow-nan[39;49m[38;5;124;43m"[39;49m[43m,[49m
[0;32m   1050[0m [43m[49m[43m)[49m
[0;32m   1052[0m [38;5;28;01mif[39;00m sparse[38;5;241m.[39missparse(X):
[0;32m   1053[0m     [38;5;28;01mif[39;00m [38;5;28mself[39m[38;5;241m.[39mwith_mean:

File [1;32mc:\users\jordan\appdata\local\programs\python\python39\lib\site-packages\sklearn\base.py:608[0m, in [0;36mBaseEstimator._validate_data[1;34m(self, X, y, reset, validate_separately, cast_to_ndarray, **check_params)[0m
[0;32m    537[0m [38;5;28;01mdef[39;00m[38;5;250m [39m[38;5;21m_validate_data[39m(
[0;32m    538[0m     [38;5;28mself[39m,
[0;32m    539[0m     X[38;5;241m=[39m[38;5;124m"[39m[38;5;124mno_validation[39m[38;5;124m"[39m,
[1;32m   (...)[0m
[0;32m    544[0m     [38;5;241m*[39m[38;5;241m*[39mcheck_params,
[0;32m    545[0m ):
[0;32m    546[0m [38;5;250m    [39m[38;5;124;03m"""Validate input data and set or check the `n_features_in_` attribute.[39;00m
[0;32m    547[0m 
[0;32m    548[0m [38;5;124;03m    Parameters[39;00m
[1;32m   (...)[0m
[0;32m    606[0m [38;5;124;03m        validated.[39;00m
[0;32m    607[0m [38;5;124;03m    """[39;00m
[1;32m--> 608[0m     [38;5;28;43mself[39;49m[38;5;241;43m.[39;49m[43m_check_feature_names[49m[43m([49m[43mX[49m[43m,[49m[43m [49m[43mreset[49m[38;5;241;43m=[39;49m[43mreset[49m[43m)[49m
[0;32m    610[0m     [38;5;28;01mif[39;00m y [38;5;129;01mis[39;00m [38;5;28;01mNone[39;00m [38;5;129;01mand[39;00m [38;5;28mself[39m[38;5;241m.[39m_get_tags()[[38;5;124m"[39m[38;5;124mrequires_y[39m[38;5;124m"[39m]:
[0;32m    611[0m         [38;5;28;01mraise[39;00m [38;5;167;01mValueError[39;00m(
[0;32m    612[0m             [38;5;124mf[39m[38;5;124m"[39m[38;5;124mThis [39m[38;5;132;01m{[39;00m[38;5;28mself[39m[38;5;241m.[39m[38;5;18m__class__[39m[38;5;241m.[39m[38;5;18m__name__[39m[38;5;132;01m}[39;00m[38;5;124m estimator [39m[38;5;124m"[39m
[0;32m    613[0m             [38;5;124m"[39m[38;5;124mrequires y to be passed, but the target y is None.[39m[38;5;124m"[39m
[0;32m    614[0m         )

File [1;32mc:\users\jordan\appdata\local\programs\python\python39\lib\site-packages\sklearn\base.py:535[0m, in [0;36mBaseEstimator._check_feature_names[1;34m(self, X, reset)[0m
[0;32m    530[0m [38;5;28;01mif[39;00m [38;5;129;01mnot[39;00m missing_names [38;5;129;01mand[39;00m [38;5;129;01mnot[39;00m unexpected_names:
[0;32m    531[0m     message [38;5;241m+[39m[38;5;241m=[39m (
[0;32m    532[0m         [38;5;124m"[39m[38;5;124mFeature names must be in the same order as they were in fit.[39m[38;5;130;01m\n[39;00m[38;5;124m"[39m
[0;32m    533[0m     )
[1;32m--> 535[0m [38;5;28;01mraise[39;00m [38;5;167;01mValueError[39;00m(message)

[1;31mValueError[0m: The feature names should match those that were passed during fit.
Feature names unseen at fit time:
- contrast
- mean
- rms
- std
Feature names seen at fit time, yet now missing:
- mfcc_1
- mfcc_10
- mfcc_11
- mfcc_12
- mfcc_13
- ...


