Traceback (most recent call last):
  File "c:\users\jordan\appdata\local\programs\python\python39\lib\site-packages\jupyter_core\utils\__init__.py", line 154, in wrapped
    asyncio.get_running_loop()
RuntimeError: no running event loop

During handling of the above exception, another exception occurred:

Traceback (most recent call last):
  File "c:\users\jordan\appdata\local\programs\python\python39\lib\site-packages\jupyter_cache\executors\utils.py", line 58, in single_nb_execution
    executenb(
  File "c:\users\jordan\appdata\local\programs\python\python39\lib\site-packages\nbclient\client.py", line 1319, in execute
    return NotebookClient(nb=nb, resources=resources, km=km, **kwargs).execute()
  File "c:\users\jordan\appdata\local\programs\python\python39\lib\site-packages\jupyter_core\utils\__init__.py", line 158, in wrapped
    return loop.run_until_complete(inner)
  File "c:\users\jordan\appdata\local\programs\python\python39\lib\asyncio\base_events.py", line 642, in run_until_complete
    return future.result()
  File "c:\users\jordan\appdata\local\programs\python\python39\lib\site-packages\nbclient\client.py", line 709, in async_execute
    await self.async_execute_cell(
  File "c:\users\jordan\appdata\local\programs\python\python39\lib\site-packages\nbclient\client.py", line 1062, in async_execute_cell
    await self._check_raise_for_error(cell, cell_index, exec_reply)
  File "c:\users\jordan\appdata\local\programs\python\python39\lib\site-packages\nbclient\client.py", line 918, in _check_raise_for_error
    raise CellExecutionError.from_cell_and_msg(cell, exec_reply_content)
nbclient.exceptions.CellExecutionError: An error occurred while executing the following cell:
------------------
engine = create_engine("mysql+pymysql://root:@localhost:3306/ecoli")
query = """
SELECT feature1, feature2, feature3, feature4, feature5, feature6, feature7, class_label
FROM ecoli
"""

df = pd.read_sql(query, engine)

X = df.drop(columns=["class_label"])  # target dihapus
y = df["class_label"]  # target label

X_train, X_test, y_train, y_test = train_test_split(
    X, y, test_size=0.2, random_state=42
)

model = GaussianNB()
bagging = BaggingClassifier(estimator=model, n_estimators=100, random_state=42)
bagging.fit(X_train, y_train)

prediksi = bagging.predict(X_test)
akurasi = accuracy_score(y_test, prediksi)
print("Akurasi:", akurasi)
print("Classification Report:\n", classification_report(y_test, prediksi, zero_division=0))

labels = np.unique(np.concatenate([y_train, y_test]))
cm = confusion_matrix(y_test, prediksi, labels=labels)

plt.figure(figsize=(8,6))
sns.heatmap(cm, annot=True, fmt="d", cmap="Blues", 
            xticklabels=labels, yticklabels=labels)
plt.xlabel("Prediksi")
plt.ylabel("Fakta")
plt.title("Confusion Matrix (Semua Kelas)")
plt.show()

all_labels = np.unique(np.concatenate([y_train, y_test]))
report = classification_report(
    y_test, prediksi, labels=all_labels,
    output_dict=True, zero_division=0
)

df_report = pd.DataFrame(report).transpose()

metrics_df = df_report[['precision','recall','f1-score']].iloc[:-3]

ax = metrics_df.plot(
    kind='bar', 
    figsize=(12,6), 
    color=["#a01806", "#3c03a7", "#d4008e"], 
    edgecolor='black'
)

plt.title("Classification Report Metrics (Semua kelas)")
plt.ylabel("Score")
plt.ylim(0,1.05) 
plt.xticks(rotation=45)

for p in ax.patches:
    value = f"{p.get_height():.2f}"
    x = p.get_x() + p.get_width()/2
    y = p.get_height()
    ax.annotate(value, (x, y), ha='center', va='bottom', fontsize=8, rotation=0)

plt.legend(title="Metrics")
plt.tight_layout()
plt.show()

------------------


[1;31m---------------------------------------------------------------------------[0m
[1;31mConnectionResetError[0m                      Traceback (most recent call last)
File [1;32mc:\users\jordan\appdata\local\programs\python\python39\lib\site-packages\pymysql\connections.py:789[0m, in [0;36mConnection._read_bytes[1;34m(self, num_bytes)[0m
[0;32m    788[0m [38;5;28;01mtry[39;00m:
[1;32m--> 789[0m     data [38;5;241m=[39m [38;5;28;43mself[39;49m[38;5;241;43m.[39;49m[43m_rfile[49m[38;5;241;43m.[39;49m[43mread[49m[43m([49m[43mnum_bytes[49m[43m)[49m
[0;32m    790[0m     [38;5;28;01mbreak[39;00m

File [1;32mc:\users\jordan\appdata\local\programs\python\python39\lib\socket.py:704[0m, in [0;36mSocketIO.readinto[1;34m(self, b)[0m
[0;32m    703[0m [38;5;28;01mtry[39;00m:
[1;32m--> 704[0m     [38;5;28;01mreturn[39;00m [38;5;28;43mself[39;49m[38;5;241;43m.[39;49m[43m_sock[49m[38;5;241;43m.[39;49m[43mrecv_into[49m[43m([49m[43mb[49m[43m)[49m
[0;32m    705[0m [38;5;28;01mexcept[39;00m timeout:

[1;31mConnectionResetError[0m: [WinError 10054] An existing connection was forcibly closed by the remote host

During handling of the above exception, another exception occurred:

[1;31mOperationalError[0m                          Traceback (most recent call last)
File [1;32mc:\users\jordan\appdata\local\programs\python\python39\lib\site-packages\sqlalchemy\engine\base.py:1967[0m, in [0;36mConnection._exec_single_context[1;34m(self, dialect, context, statement, parameters)[0m
[0;32m   1966[0m     [38;5;28;01mif[39;00m [38;5;129;01mnot[39;00m evt_handled:
[1;32m-> 1967[0m         [38;5;28;43mself[39;49m[38;5;241;43m.[39;49m[43mdialect[49m[38;5;241;43m.[39;49m[43mdo_execute[49m[43m([49m
[0;32m   1968[0m [43m            [49m[43mcursor[49m[43m,[49m[43m [49m[43mstr_statement[49m[43m,[49m[43m [49m[43meffective_parameters[49m[43m,[49m[43m [49m[43mcontext[49m
[0;32m   1969[0m [43m        [49m[43m)[49m
[0;32m   1971[0m [38;5;28;01mif[39;00m [38;5;28mself[39m[38;5;241m.[39m_has_events [38;5;129;01mor[39;00m [38;5;28mself[39m[38;5;241m.[39mengine[38;5;241m.[39m_has_events:

File [1;32mc:\users\jordan\appdata\local\programs\python\python39\lib\site-packages\sqlalchemy\engine\default.py:951[0m, in [0;36mDefaultDialect.do_execute[1;34m(self, cursor, statement, parameters, context)[0m
[0;32m    950[0m [38;5;28;01mdef[39;00m[38;5;250m [39m[38;5;21mdo_execute[39m([38;5;28mself[39m, cursor, statement, parameters, context[38;5;241m=[39m[38;5;28;01mNone[39;00m):
[1;32m--> 951[0m     [43mcursor[49m[38;5;241;43m.[39;49m[43mexecute[49m[43m([49m[43mstatement[49m[43m,[49m[43m [49m[43mparameters[49m[43m)[49m

File [1;32mc:\users\jordan\appdata\local\programs\python\python39\lib\site-packages\pymysql\cursors.py:153[0m, in [0;36mCursor.execute[1;34m(self, query, args)[0m
[0;32m    151[0m query [38;5;241m=[39m [38;5;28mself[39m[38;5;241m.[39mmogrify(query, args)
[1;32m--> 153[0m result [38;5;241m=[39m [38;5;28;43mself[39;49m[38;5;241;43m.[39;49m[43m_query[49m[43m([49m[43mquery[49m[43m)[49m
[0;32m    154[0m [38;5;28mself[39m[38;5;241m.[39m_executed [38;5;241m=[39m query

File [1;32mc:\users\jordan\appdata\local\programs\python\python39\lib\site-packages\pymysql\cursors.py:322[0m, in [0;36mCursor._query[1;34m(self, q)[0m
[0;32m    321[0m [38;5;28mself[39m[38;5;241m.[39m_clear_result()
[1;32m--> 322[0m [43mconn[49m[38;5;241;43m.[39;49m[43mquery[49m[43m([49m[43mq[49m[43m)[49m
[0;32m    323[0m [38;5;28mself[39m[38;5;241m.[39m_do_get_result()

File [1;32mc:\users\jordan\appdata\local\programs\python\python39\lib\site-packages\pymysql\connections.py:575[0m, in [0;36mConnection.query[1;34m(self, sql, unbuffered)[0m
[0;32m    574[0m [38;5;28mself[39m[38;5;241m.[39m_execute_command(COMMAND[38;5;241m.[39mCOM_QUERY, sql)
[1;32m--> 575[0m [38;5;28mself[39m[38;5;241m.[39m_affected_rows [38;5;241m=[39m [38;5;28;43mself[39;49m[38;5;241;43m.[39;49m[43m_read_query_result[49m[43m([49m[43munbuffered[49m[38;5;241;43m=[39;49m[43munbuffered[49m[43m)[49m
[0;32m    576[0m [38;5;28;01mreturn[39;00m [38;5;28mself[39m[38;5;241m.[39m_affected_rows

File [1;32mc:\users\jordan\appdata\local\programs\python\python39\lib\site-packages\pymysql\connections.py:826[0m, in [0;36mConnection._read_query_result[1;34m(self, unbuffered)[0m
[0;32m    825[0m [38;5;28;01melse[39;00m:
[1;32m--> 826[0m     [43mresult[49m[38;5;241;43m.[39;49m[43mread[49m[43m([49m[43m)[49m
[0;32m    827[0m [38;5;28mself[39m[38;5;241m.[39m_result [38;5;241m=[39m result

File [1;32mc:\users\jordan\appdata\local\programs\python\python39\lib\site-packages\pymysql\connections.py:1203[0m, in [0;36mMySQLResult.read[1;34m(self)[0m
[0;32m   1202[0m [38;5;28;01mtry[39;00m:
[1;32m-> 1203[0m     first_packet [38;5;241m=[39m [38;5;28;43mself[39;49m[38;5;241;43m.[39;49m[43mconnection[49m[38;5;241;43m.[39;49m[43m_read_packet[49m[43m([49m[43m)[49m
[0;32m   1205[0m     [38;5;28;01mif[39;00m first_packet[38;5;241m.[39mis_ok_packet():

File [1;32mc:\users\jordan\appdata\local\programs\python\python39\lib\site-packages\pymysql\connections.py:751[0m, in [0;36mConnection._read_packet[1;34m(self, packet_type)[0m
[0;32m    750[0m [38;5;28;01mwhile[39;00m [38;5;28;01mTrue[39;00m:
[1;32m--> 751[0m     packet_header [38;5;241m=[39m [38;5;28;43mself[39;49m[38;5;241;43m.[39;49m[43m_read_bytes[49m[43m([49m[38;5;241;43m4[39;49m[43m)[49m
[0;32m    752[0m     [38;5;66;03m# if DEBUG: dump_packet(packet_header)[39;00m

File [1;32mc:\users\jordan\appdata\local\programs\python\python39\lib\site-packages\pymysql\connections.py:795[0m, in [0;36mConnection._read_bytes[1;34m(self, num_bytes)[0m
[0;32m    794[0m     [38;5;28mself[39m[38;5;241m.[39m_force_close()
[1;32m--> 795[0m     [38;5;28;01mraise[39;00m err[38;5;241m.[39mOperationalError(
[0;32m    796[0m         CR[38;5;241m.[39mCR_SERVER_LOST,
[0;32m    797[0m         [38;5;124mf[39m[38;5;124m"[39m[38;5;124mLost connection to MySQL server during query ([39m[38;5;132;01m{[39;00me[38;5;132;01m}[39;00m[38;5;124m)[39m[38;5;124m"[39m,
[0;32m    798[0m     )
[0;32m    799[0m [38;5;28;01mexcept[39;00m [38;5;167;01mBaseException[39;00m:
[0;32m    800[0m     [38;5;66;03m# Don't convert unknown exception to MySQLError.[39;00m

[1;31mOperationalError[0m: (2013, 'Lost connection to MySQL server during query ([WinError 10054] An existing connection was forcibly closed by the remote host)')

The above exception was the direct cause of the following exception:

[1;31mOperationalError[0m                          Traceback (most recent call last)
Cell [1;32mIn[2], line 7[0m
[0;32m      1[0m engine [38;5;241m=[39m create_engine([38;5;124m"[39m[38;5;124mmysql+pymysql://root:@localhost:3306/ecoli[39m[38;5;124m"[39m)
[0;32m      2[0m query [38;5;241m=[39m [38;5;124m"""[39m
[0;32m      3[0m [38;5;124mSELECT feature1, feature2, feature3, feature4, feature5, feature6, feature7, class_label[39m
[0;32m      4[0m [38;5;124mFROM ecoli[39m
[0;32m      5[0m [38;5;124m"""[39m
[1;32m----> 7[0m df [38;5;241m=[39m [43mpd[49m[38;5;241;43m.[39;49m[43mread_sql[49m[43m([49m[43mquery[49m[43m,[49m[43m [49m[43mengine[49m[43m)[49m
[0;32m      9[0m X [38;5;241m=[39m df[38;5;241m.[39mdrop(columns[38;5;241m=[39m[[38;5;124m"[39m[38;5;124mclass_label[39m[38;5;124m"[39m])  [38;5;66;03m# target dihapus[39;00m
[0;32m     10[0m y [38;5;241m=[39m df[[38;5;124m"[39m[38;5;124mclass_label[39m[38;5;124m"[39m]  [38;5;66;03m# target label[39;00m

File [1;32mc:\users\jordan\appdata\local\programs\python\python39\lib\site-packages\pandas\io\sql.py:682[0m, in [0;36mread_sql[1;34m(sql, con, index_col, coerce_float, params, parse_dates, columns, chunksize, dtype_backend, dtype)[0m
[0;32m    672[0m     [38;5;28;01mreturn[39;00m pandas_sql[38;5;241m.[39mread_table(
[0;32m    673[0m         sql,
[0;32m    674[0m         index_col[38;5;241m=[39mindex_col,
[1;32m   (...)[0m
[0;32m    679[0m         dtype_backend[38;5;241m=[39mdtype_backend,
[0;32m    680[0m     )
[0;32m    681[0m [38;5;28;01melse[39;00m:
[1;32m--> 682[0m     [38;5;28;01mreturn[39;00m [43mpandas_sql[49m[38;5;241;43m.[39;49m[43mread_query[49m[43m([49m
[0;32m    683[0m [43m        [49m[43msql[49m[43m,[49m
[0;32m    684[0m [43m        [49m[43mindex_col[49m[38;5;241;43m=[39;49m[43mindex_col[49m[43m,[49m
[0;32m    685[0m [43m        [49m[43mparams[49m[38;5;241;43m=[39;49m[43mparams[49m[43m,[49m
[0;32m    686[0m [43m        [49m[43mcoerce_float[49m[38;5;241;43m=[39;49m[43mcoerce_float[49m[43m,[49m
[0;32m    687[0m [43m        [49m[43mparse_dates[49m[38;5;241;43m=[39;49m[43mparse_dates[49m[43m,[49m
[0;32m    688[0m [43m        [49m[43mchunksize[49m[38;5;241;43m=[39;49m[43mchunksize[49m[43m,[49m
[0;32m    689[0m [43m        [49m[43mdtype_backend[49m[38;5;241;43m=[39;49m[43mdtype_backend[49m[43m,[49m
[0;32m    690[0m [43m        [49m[43mdtype[49m[38;5;241;43m=[39;49m[43mdtype[49m[43m,[49m
[0;32m    691[0m [43m    [49m[43m)[49m

File [1;32mc:\users\jordan\appdata\local\programs\python\python39\lib\site-packages\pandas\io\sql.py:1776[0m, in [0;36mSQLDatabase.read_query[1;34m(self, sql, index_col, coerce_float, parse_dates, params, chunksize, dtype, dtype_backend)[0m
[0;32m   1719[0m [38;5;28;01mdef[39;00m[38;5;250m [39m[38;5;21mread_query[39m(
[0;32m   1720[0m     [38;5;28mself[39m,
[0;32m   1721[0m     sql: [38;5;28mstr[39m,
[1;32m   (...)[0m
[0;32m   1728[0m     dtype_backend: DtypeBackend [38;5;241m|[39m Literal[[38;5;124m"[39m[38;5;124mnumpy[39m[38;5;124m"[39m] [38;5;241m=[39m [38;5;124m"[39m[38;5;124mnumpy[39m[38;5;124m"[39m,
[0;32m   1729[0m ) [38;5;241m-[39m[38;5;241m>[39m DataFrame [38;5;241m|[39m Iterator[DataFrame]:
[0;32m   1730[0m [38;5;250m    [39m[38;5;124;03m"""[39;00m
[0;32m   1731[0m [38;5;124;03m    Read SQL query into a DataFrame.[39;00m
[0;32m   1732[0m 
[1;32m   (...)[0m
[0;32m   1774[0m 
[0;32m   1775[0m [38;5;124;03m    """[39;00m
[1;32m-> 1776[0m     result [38;5;241m=[39m [38;5;28;43mself[39;49m[38;5;241;43m.[39;49m[43mexecute[49m[43m([49m[43msql[49m[43m,[49m[43m [49m[43mparams[49m[43m)[49m
[0;32m   1777[0m     columns [38;5;241m=[39m result[38;5;241m.[39mkeys()
[0;32m   1779[0m     [38;5;28;01mif[39;00m chunksize [38;5;129;01mis[39;00m [38;5;129;01mnot[39;00m [38;5;28;01mNone[39;00m:

File [1;32mc:\users\jordan\appdata\local\programs\python\python39\lib\site-packages\pandas\io\sql.py:1599[0m, in [0;36mSQLDatabase.execute[1;34m(self, sql, params)[0m
[0;32m   1597[0m args [38;5;241m=[39m [] [38;5;28;01mif[39;00m params [38;5;129;01mis[39;00m [38;5;28;01mNone[39;00m [38;5;28;01melse[39;00m [params]
[0;32m   1598[0m [38;5;28;01mif[39;00m [38;5;28misinstance[39m(sql, [38;5;28mstr[39m):
[1;32m-> 1599[0m     [38;5;28;01mreturn[39;00m [38;5;28;43mself[39;49m[38;5;241;43m.[39;49m[43mcon[49m[38;5;241;43m.[39;49m[43mexec_driver_sql[49m[43m([49m[43msql[49m[43m,[49m[43m [49m[38;5;241;43m*[39;49m[43margs[49m[43m)[49m
[0;32m   1600[0m [38;5;28;01mreturn[39;00m [38;5;28mself[39m[38;5;241m.[39mcon[38;5;241m.[39mexecute(sql, [38;5;241m*[39margs)

File [1;32mc:\users\jordan\appdata\local\programs\python\python39\lib\site-packages\sqlalchemy\engine\base.py:1779[0m, in [0;36mConnection.exec_driver_sql[1;34m(self, statement, parameters, execution_options)[0m
[0;32m   1774[0m execution_options [38;5;241m=[39m [38;5;28mself[39m[38;5;241m.[39m_execution_options[38;5;241m.[39mmerge_with(
[0;32m   1775[0m     execution_options
[0;32m   1776[0m )
[0;32m   1778[0m dialect [38;5;241m=[39m [38;5;28mself[39m[38;5;241m.[39mdialect
[1;32m-> 1779[0m ret [38;5;241m=[39m [38;5;28;43mself[39;49m[38;5;241;43m.[39;49m[43m_execute_context[49m[43m([49m
[0;32m   1780[0m [43m    [49m[43mdialect[49m[43m,[49m
[0;32m   1781[0m [43m    [49m[43mdialect[49m[38;5;241;43m.[39;49m[43mexecution_ctx_cls[49m[38;5;241;43m.[39;49m[43m_init_statement[49m[43m,[49m
[0;32m   1782[0m [43m    [49m[43mstatement[49m[43m,[49m
[0;32m   1783[0m [43m    [49m[38;5;28;43;01mNone[39;49;00m[43m,[49m
[0;32m   1784[0m [43m    [49m[43mexecution_options[49m[43m,[49m
[0;32m   1785[0m [43m    [49m[43mstatement[49m[43m,[49m
[0;32m   1786[0m [43m    [49m[43mdistilled_parameters[49m[43m,[49m
[0;32m   1787[0m [43m[49m[43m)[49m
[0;32m   1789[0m [38;5;28;01mreturn[39;00m ret

File [1;32mc:\users\jordan\appdata\local\programs\python\python39\lib\site-packages\sqlalchemy\engine\base.py:1846[0m, in [0;36mConnection._execute_context[1;34m(self, dialect, constructor, statement, parameters, execution_options, *args, **kw)[0m
[0;32m   1844[0m     [38;5;28;01mreturn[39;00m [38;5;28mself[39m[38;5;241m.[39m_exec_insertmany_context(dialect, context)
[0;32m   1845[0m [38;5;28;01melse[39;00m:
[1;32m-> 1846[0m     [38;5;28;01mreturn[39;00m [38;5;28;43mself[39;49m[38;5;241;43m.[39;49m[43m_exec_single_context[49m[43m([49m
[0;32m   1847[0m [43m        [49m[43mdialect[49m[43m,[49m[43m [49m[43mcontext[49m[43m,[49m[43m [49m[43mstatement[49m[43m,[49m[43m [49m[43mparameters[49m
[0;32m   1848[0m [43m    [49m[43m)[49m

File [1;32mc:\users\jordan\appdata\local\programs\python\python39\lib\site-packages\sqlalchemy\engine\base.py:1986[0m, in [0;36mConnection._exec_single_context[1;34m(self, dialect, context, statement, parameters)[0m
[0;32m   1983[0m     result [38;5;241m=[39m context[38;5;241m.[39m_setup_result_proxy()
[0;32m   1985[0m [38;5;28;01mexcept[39;00m [38;5;167;01mBaseException[39;00m [38;5;28;01mas[39;00m e:
[1;32m-> 1986[0m     [38;5;28;43mself[39;49m[38;5;241;43m.[39;49m[43m_handle_dbapi_exception[49m[43m([49m
[0;32m   1987[0m [43m        [49m[43me[49m[43m,[49m[43m [49m[43mstr_statement[49m[43m,[49m[43m [49m[43meffective_parameters[49m[43m,[49m[43m [49m[43mcursor[49m[43m,[49m[43m [49m[43mcontext[49m
[0;32m   1988[0m [43m    [49m[43m)[49m
[0;32m   1990[0m [38;5;28;01mreturn[39;00m result

File [1;32mc:\users\jordan\appdata\local\programs\python\python39\lib\site-packages\sqlalchemy\engine\base.py:2355[0m, in [0;36mConnection._handle_dbapi_exception[1;34m(self, e, statement, parameters, cursor, context, is_sub_exec)[0m
[0;32m   2353[0m [38;5;28;01melif[39;00m should_wrap:
[0;32m   2354[0m     [38;5;28;01massert[39;00m sqlalchemy_exception [38;5;129;01mis[39;00m [38;5;129;01mnot[39;00m [38;5;28;01mNone[39;00m
[1;32m-> 2355[0m     [38;5;28;01mraise[39;00m sqlalchemy_exception[38;5;241m.[39mwith_traceback(exc_info[[38;5;241m2[39m]) [38;5;28;01mfrom[39;00m[38;5;250m [39m[38;5;21;01me[39;00m
[0;32m   2356[0m [38;5;28;01melse[39;00m:
[0;32m   2357[0m     [38;5;28;01massert[39;00m exc_info[[38;5;241m1[39m] [38;5;129;01mis[39;00m [38;5;129;01mnot[39;00m [38;5;28;01mNone[39;00m

File [1;32mc:\users\jordan\appdata\local\programs\python\python39\lib\site-packages\sqlalchemy\engine\base.py:1967[0m, in [0;36mConnection._exec_single_context[1;34m(self, dialect, context, statement, parameters)[0m
[0;32m   1965[0m                 [38;5;28;01mbreak[39;00m
[0;32m   1966[0m     [38;5;28;01mif[39;00m [38;5;129;01mnot[39;00m evt_handled:
[1;32m-> 1967[0m         [38;5;28;43mself[39;49m[38;5;241;43m.[39;49m[43mdialect[49m[38;5;241;43m.[39;49m[43mdo_execute[49m[43m([49m
[0;32m   1968[0m [43m            [49m[43mcursor[49m[43m,[49m[43m [49m[43mstr_statement[49m[43m,[49m[43m [49m[43meffective_parameters[49m[43m,[49m[43m [49m[43mcontext[49m
[0;32m   1969[0m [43m        [49m[43m)[49m
[0;32m   1971[0m [38;5;28;01mif[39;00m [38;5;28mself[39m[38;5;241m.[39m_has_events [38;5;129;01mor[39;00m [38;5;28mself[39m[38;5;241m.[39mengine[38;5;241m.[39m_has_events:
[0;32m   1972[0m     [38;5;28mself[39m[38;5;241m.[39mdispatch[38;5;241m.[39mafter_cursor_execute(
[0;32m   1973[0m         [38;5;28mself[39m,
[0;32m   1974[0m         cursor,
[1;32m   (...)[0m
[0;32m   1978[0m         context[38;5;241m.[39mexecutemany,
[0;32m   1979[0m     )

File [1;32mc:\users\jordan\appdata\local\programs\python\python39\lib\site-packages\sqlalchemy\engine\default.py:951[0m, in [0;36mDefaultDialect.do_execute[1;34m(self, cursor, statement, parameters, context)[0m
[0;32m    950[0m [38;5;28;01mdef[39;00m[38;5;250m [39m[38;5;21mdo_execute[39m([38;5;28mself[39m, cursor, statement, parameters, context[38;5;241m=[39m[38;5;28;01mNone[39;00m):
[1;32m--> 951[0m     [43mcursor[49m[38;5;241;43m.[39;49m[43mexecute[49m[43m([49m[43mstatement[49m[43m,[49m[43m [49m[43mparameters[49m[43m)[49m

File [1;32mc:\users\jordan\appdata\local\programs\python\python39\lib\site-packages\pymysql\cursors.py:153[0m, in [0;36mCursor.execute[1;34m(self, query, args)[0m
[0;32m    149[0m     [38;5;28;01mpass[39;00m
[0;32m    151[0m query [38;5;241m=[39m [38;5;28mself[39m[38;5;241m.[39mmogrify(query, args)
[1;32m--> 153[0m result [38;5;241m=[39m [38;5;28;43mself[39;49m[38;5;241;43m.[39;49m[43m_query[49m[43m([49m[43mquery[49m[43m)[49m
[0;32m    154[0m [38;5;28mself[39m[38;5;241m.[39m_executed [38;5;241m=[39m query
[0;32m    155[0m [38;5;28;01mreturn[39;00m result

File [1;32mc:\users\jordan\appdata\local\programs\python\python39\lib\site-packages\pymysql\cursors.py:322[0m, in [0;36mCursor._query[1;34m(self, q)[0m
[0;32m    320[0m conn [38;5;241m=[39m [38;5;28mself[39m[38;5;241m.[39m_get_db()
[0;32m    321[0m [38;5;28mself[39m[38;5;241m.[39m_clear_result()
[1;32m--> 322[0m [43mconn[49m[38;5;241;43m.[39;49m[43mquery[49m[43m([49m[43mq[49m[43m)[49m
[0;32m    323[0m [38;5;28mself[39m[38;5;241m.[39m_do_get_result()
[0;32m    324[0m [38;5;28;01mreturn[39;00m [38;5;28mself[39m[38;5;241m.[39mrowcount

File [1;32mc:\users\jordan\appdata\local\programs\python\python39\lib\site-packages\pymysql\connections.py:575[0m, in [0;36mConnection.query[1;34m(self, sql, unbuffered)[0m
[0;32m    573[0m     sql [38;5;241m=[39m sql[38;5;241m.[39mencode([38;5;28mself[39m[38;5;241m.[39mencoding, [38;5;124m"[39m[38;5;124msurrogateescape[39m[38;5;124m"[39m)
[0;32m    574[0m [38;5;28mself[39m[38;5;241m.[39m_execute_command(COMMAND[38;5;241m.[39mCOM_QUERY, sql)
[1;32m--> 575[0m [38;5;28mself[39m[38;5;241m.[39m_affected_rows [38;5;241m=[39m [38;5;28;43mself[39;49m[38;5;241;43m.[39;49m[43m_read_query_result[49m[43m([49m[43munbuffered[49m[38;5;241;43m=[39;49m[43munbuffered[49m[43m)[49m
[0;32m    576[0m [38;5;28;01mreturn[39;00m [38;5;28mself[39m[38;5;241m.[39m_affected_rows

File [1;32mc:\users\jordan\appdata\local\programs\python\python39\lib\site-packages\pymysql\connections.py:826[0m, in [0;36mConnection._read_query_result[1;34m(self, unbuffered)[0m
[0;32m    824[0m     result[38;5;241m.[39minit_unbuffered_query()
[0;32m    825[0m [38;5;28;01melse[39;00m:
[1;32m--> 826[0m     [43mresult[49m[38;5;241;43m.[39;49m[43mread[49m[43m([49m[43m)[49m
[0;32m    827[0m [38;5;28mself[39m[38;5;241m.[39m_result [38;5;241m=[39m result
[0;32m    828[0m [38;5;28;01mif[39;00m result[38;5;241m.[39mserver_status [38;5;129;01mis[39;00m [38;5;129;01mnot[39;00m [38;5;28;01mNone[39;00m:

File [1;32mc:\users\jordan\appdata\local\programs\python\python39\lib\site-packages\pymysql\connections.py:1203[0m, in [0;36mMySQLResult.read[1;34m(self)[0m
[0;32m   1201[0m [38;5;28;01mdef[39;00m[38;5;250m [39m[38;5;21mread[39m([38;5;28mself[39m):
[0;32m   1202[0m     [38;5;28;01mtry[39;00m:
[1;32m-> 1203[0m         first_packet [38;5;241m=[39m [38;5;28;43mself[39;49m[38;5;241;43m.[39;49m[43mconnection[49m[38;5;241;43m.[39;49m[43m_read_packet[49m[43m([49m[43m)[49m
[0;32m   1205[0m         [38;5;28;01mif[39;00m first_packet[38;5;241m.[39mis_ok_packet():
[0;32m   1206[0m             [38;5;28mself[39m[38;5;241m.[39m_read_ok_packet(first_packet)

File [1;32mc:\users\jordan\appdata\local\programs\python\python39\lib\site-packages\pymysql\connections.py:751[0m, in [0;36mConnection._read_packet[1;34m(self, packet_type)[0m
[0;32m    749[0m buff [38;5;241m=[39m [38;5;28mbytearray[39m()
[0;32m    750[0m [38;5;28;01mwhile[39;00m [38;5;28;01mTrue[39;00m:
[1;32m--> 751[0m     packet_header [38;5;241m=[39m [38;5;28;43mself[39;49m[38;5;241;43m.[39;49m[43m_read_bytes[49m[43m([49m[38;5;241;43m4[39;49m[43m)[49m
[0;32m    752[0m     [38;5;66;03m# if DEBUG: dump_packet(packet_header)[39;00m
[0;32m    754[0m     btrl, btrh, packet_number [38;5;241m=[39m struct[38;5;241m.[39munpack([38;5;124m"[39m[38;5;124m<HBB[39m[38;5;124m"[39m, packet_header)

File [1;32mc:\users\jordan\appdata\local\programs\python\python39\lib\site-packages\pymysql\connections.py:795[0m, in [0;36mConnection._read_bytes[1;34m(self, num_bytes)[0m
[0;32m    793[0m         [38;5;28;01mcontinue[39;00m
[0;32m    794[0m     [38;5;28mself[39m[38;5;241m.[39m_force_close()
[1;32m--> 795[0m     [38;5;28;01mraise[39;00m err[38;5;241m.[39mOperationalError(
[0;32m    796[0m         CR[38;5;241m.[39mCR_SERVER_LOST,
[0;32m    797[0m         [38;5;124mf[39m[38;5;124m"[39m[38;5;124mLost connection to MySQL server during query ([39m[38;5;132;01m{[39;00me[38;5;132;01m}[39;00m[38;5;124m)[39m[38;5;124m"[39m,
[0;32m    798[0m     )
[0;32m    799[0m [38;5;28;01mexcept[39;00m [38;5;167;01mBaseException[39;00m:
[0;32m    800[0m     [38;5;66;03m# Don't convert unknown exception to MySQLError.[39;00m
[0;32m    801[0m     [38;5;28mself[39m[38;5;241m.[39m_force_close()

[1;31mOperationalError[0m: (pymysql.err.OperationalError) (2013, 'Lost connection to MySQL server during query ([WinError 10054] An existing connection was forcibly closed by the remote host)')
[SQL: 
SELECT feature1, feature2, feature3, feature4, feature5, feature6, feature7, class_label
FROM ecoli
]
(Background on this error at: https://sqlalche.me/e/20/e3q8)

