Traceback (most recent call last):
  File "C:\Users\Jordan\anaconda3\Lib\site-packages\jupyter_cache\executors\utils.py", line 58, in single_nb_execution
    executenb(
  File "C:\Users\Jordan\anaconda3\Lib\site-packages\nbclient\client.py", line 1305, in execute
    return NotebookClient(nb=nb, resources=resources, km=km, **kwargs).execute()
           ^^^^^^^^^^^^^^^^^^^^^^^^^^^^^^^^^^^^^^^^^^^^^^^^^^^^^^^^^^^^^^^^^^^^^
  File "C:\Users\Jordan\anaconda3\Lib\site-packages\jupyter_core\utils\__init__.py", line 165, in wrapped
    return loop.run_until_complete(inner)
           ^^^^^^^^^^^^^^^^^^^^^^^^^^^^^^
  File "C:\Users\Jordan\anaconda3\Lib\asyncio\base_events.py", line 687, in run_until_complete
    return future.result()
           ^^^^^^^^^^^^^^^
  File "C:\Users\Jordan\anaconda3\Lib\site-packages\nbclient\client.py", line 705, in async_execute
    await self.async_execute_cell(
  File "C:\Users\Jordan\anaconda3\Lib\site-packages\nbclient\client.py", line 1058, in async_execute_cell
    await self._check_raise_for_error(cell, cell_index, exec_reply)
  File "C:\Users\Jordan\anaconda3\Lib\site-packages\nbclient\client.py", line 914, in _check_raise_for_error
    raise CellExecutionError.from_cell_and_msg(cell, exec_reply_content)
nbclient.exceptions.CellExecutionError: An error occurred while executing the following cell:
------------------
import pandas as pd
import matplotlib.pyplot as plt
import numpy as np
from sklearn.decomposition import PCA
from sqlalchemy import create_engine
from collections import Counter
from imblearn.over_sampling import ADASYN  # 🔹 ganti ke ADASYN

# === 1. Koneksi ke MySQL XAMPP ===
engine = create_engine("mysql+pymysql://root:@localhost:3306/ecoli")

# ambil data dari tabel
df = pd.read_sql("SELECT * FROM ecoli;", engine)
class_counts = df['class_label'].value_counts().sort_index()
nt = df.drop(columns=["class_label", "id_protein"])
ns = df["class_label"]

# ==== PCA data asli ====

pca = PCA(n_components=2)
X_pca = pca.fit_transform(nt)

plt.figure(figsize=(8,6))
for label in np.unique(ns):
    idx = (ns == label)
    plt.scatter(X_pca[idx,0], X_pca[idx,1], label=label, alpha=0.7)
plt.title("PCA Scatter Plot (Original Data)")
plt.xlabel("PC1"); plt.ylabel("PC2")
plt.legend(); plt.show()

# ==== FIX DATA KOTOR ====
mask = ns != "class_label"
nt = nt[mask]
ns = ns[mask]

temp = sorted(class_counts)
temp.pop(0)

for i in range(0, 7):
    n = temp[i] - 1

    nt, ns = ADASYN(n_neighbors=n, sampling_strategy='minority').fit_resample(nt, ns)

df_resampled = pd.DataFrame(nt)  
df_resampled["class_label"] = ns  

df_resampled.to_csv("hasil_oversampling_ADASYN.csv", index=False)

print(f"{sorted(Counter(ns).items())}")

# === 2. PCA ===
pca = PCA(n_components=2)     
principalComponents = pca.fit_transform(nt)
principalDf = pd.DataFrame(data=principalComponents, columns=['principal component 1', 'principal component 2'])
finalDf = pd.concat([principalDf, ns.reset_index(drop=True)], axis=1)
print(finalDf)
# === 3. Visualisasi ===
fig, ax = plt.subplots(figsize=(10, 6))
targets = sorted(finalDf['class_label'].unique())
colors = plt.cm.get_cmap('tab10', len(targets))
for i, target in enumerate(targets):
    indicesToKeep = finalDf['class_label'] == target
    ax.scatter(finalDf.loc[indicesToKeep, 'principal component 1'], 
               finalDf.loc[indicesToKeep, 'principal component 2'], 
               c=[colors(i)], s=50, label=target)
ax.legend()
ax.grid()
plt.title('PCA of Ecoli Dataset after ADASYN Oversampling')
plt.xlabel('Principal Component 1')
plt.ylabel('Principal Component 2')

plt.show()


------------------


[1;31m---------------------------------------------------------------------------[0m
[1;31mModuleNotFoundError[0m                       Traceback (most recent call last)
Cell [1;32mIn[1], line 10[0m
[0;32m      7[0m [38;5;28;01mfrom[39;00m [38;5;21;01mimblearn[39;00m[38;5;21;01m.[39;00m[38;5;21;01mover_sampling[39;00m [38;5;28;01mimport[39;00m ADASYN  [38;5;66;03m# 🔹 ganti ke ADASYN[39;00m
[0;32m      9[0m [38;5;66;03m# === 1. Koneksi ke MySQL XAMPP ===[39;00m
[1;32m---> 10[0m engine [38;5;241m=[39m create_engine([38;5;124m"[39m[38;5;124mmysql+pymysql://root:@localhost:3306/ecoli[39m[38;5;124m"[39m)
[0;32m     12[0m [38;5;66;03m# ambil data dari tabel[39;00m
[0;32m     13[0m df [38;5;241m=[39m pd[38;5;241m.[39mread_sql([38;5;124m"[39m[38;5;124mSELECT * FROM ecoli;[39m[38;5;124m"[39m, engine)

File [1;32m<string>:2[0m, in [0;36mcreate_engine[1;34m(url, **kwargs)[0m

File [1;32m~\anaconda3\Lib\site-packages\sqlalchemy\util\deprecations.py:281[0m, in [0;36mdeprecated_params.<locals>.decorate.<locals>.warned[1;34m(fn, *args, **kwargs)[0m
[0;32m    274[0m     [38;5;28;01mif[39;00m m [38;5;129;01min[39;00m kwargs:
[0;32m    275[0m         _warn_with_version(
[0;32m    276[0m             messages[m],
[0;32m    277[0m             versions[m],
[0;32m    278[0m             version_warnings[m],
[0;32m    279[0m             stacklevel[38;5;241m=[39m[38;5;241m3[39m,
[0;32m    280[0m         )
[1;32m--> 281[0m [38;5;28;01mreturn[39;00m fn([38;5;241m*[39margs, [38;5;241m*[39m[38;5;241m*[39mkwargs)

File [1;32m~\anaconda3\Lib\site-packages\sqlalchemy\engine\create.py:599[0m, in [0;36mcreate_engine[1;34m(url, **kwargs)[0m
[0;32m    597[0m         [38;5;28;01mif[39;00m k [38;5;129;01min[39;00m kwargs:
[0;32m    598[0m             dbapi_args[k] [38;5;241m=[39m pop_kwarg(k)
[1;32m--> 599[0m     dbapi [38;5;241m=[39m dbapi_meth([38;5;241m*[39m[38;5;241m*[39mdbapi_args)
[0;32m    601[0m dialect_args[[38;5;124m"[39m[38;5;124mdbapi[39m[38;5;124m"[39m] [38;5;241m=[39m dbapi
[0;32m    603[0m dialect_args[38;5;241m.[39msetdefault([38;5;124m"[39m[38;5;124mcompiler_linting[39m[38;5;124m"[39m, compiler[38;5;241m.[39mNO_LINTING)

File [1;32m~\anaconda3\Lib\site-packages\sqlalchemy\dialects\mysql\pymysql.py:75[0m, in [0;36mMySQLDialect_pymysql.import_dbapi[1;34m(cls)[0m
[0;32m     73[0m [38;5;129m@classmethod[39m
[0;32m     74[0m [38;5;28;01mdef[39;00m [38;5;21mimport_dbapi[39m([38;5;28mcls[39m):
[1;32m---> 75[0m     [38;5;28;01mreturn[39;00m [38;5;28m__import__[39m([38;5;124m"[39m[38;5;124mpymysql[39m[38;5;124m"[39m)

[1;31mModuleNotFoundError[0m: No module named 'pymysql'

