Traceback (most recent call last):
  File "c:\users\jordan\appdata\local\programs\python\python39\lib\site-packages\jupyter_core\utils\__init__.py", line 154, in wrapped
    asyncio.get_running_loop()
RuntimeError: no running event loop

During handling of the above exception, another exception occurred:

Traceback (most recent call last):
  File "c:\users\jordan\appdata\local\programs\python\python39\lib\site-packages\jupyter_cache\executors\utils.py", line 58, in single_nb_execution
    executenb(
  File "c:\users\jordan\appdata\local\programs\python\python39\lib\site-packages\nbclient\client.py", line 1319, in execute
    return NotebookClient(nb=nb, resources=resources, km=km, **kwargs).execute()
  File "c:\users\jordan\appdata\local\programs\python\python39\lib\site-packages\jupyter_core\utils\__init__.py", line 158, in wrapped
    return loop.run_until_complete(inner)
  File "c:\users\jordan\appdata\local\programs\python\python39\lib\asyncio\base_events.py", line 642, in run_until_complete
    return future.result()
  File "c:\users\jordan\appdata\local\programs\python\python39\lib\site-packages\nbclient\client.py", line 709, in async_execute
    await self.async_execute_cell(
  File "c:\users\jordan\appdata\local\programs\python\python39\lib\site-packages\nbclient\client.py", line 1062, in async_execute_cell
    await self._check_raise_for_error(cell, cell_index, exec_reply)
  File "c:\users\jordan\appdata\local\programs\python\python39\lib\site-packages\nbclient\client.py", line 918, in _check_raise_for_error
    raise CellExecutionError.from_cell_and_msg(cell, exec_reply_content)
nbclient.exceptions.CellExecutionError: An error occurred while executing the following cell:
------------------
engine = create_engine("mysql+pymysql://root:@localhost:3306/ecoli")

# ambil data dari tabel
df = pd.read_sql("SELECT * FROM ecoli;", engine)
class_counts = df['class_label'].value_counts().sort_index()
nt = df.drop(columns=["class_label", "id_protein"])
ns = df["class_label"]
print("\nInfo Dataset:")
df
------------------


[1;31m---------------------------------------------------------------------------[0m
[1;31mAttributeError[0m                            Traceback (most recent call last)
Cell [1;32mIn[2], line 4[0m
[0;32m      1[0m engine [38;5;241m=[39m create_engine([38;5;124m"[39m[38;5;124mmysql+pymysql://root:@localhost:3306/ecoli[39m[38;5;124m"[39m)
[0;32m      3[0m [38;5;66;03m# ambil data dari tabel[39;00m
[1;32m----> 4[0m df [38;5;241m=[39m [43mpd[49m[38;5;241;43m.[39;49m[43mread_sql[49m[43m([49m[38;5;124;43m"[39;49m[38;5;124;43mSELECT * FROM ecoli;[39;49m[38;5;124;43m"[39;49m[43m,[49m[43m [49m[43mengine[49m[43m)[49m
[0;32m      5[0m class_counts [38;5;241m=[39m df[[38;5;124m'[39m[38;5;124mclass_label[39m[38;5;124m'[39m][38;5;241m.[39mvalue_counts()[38;5;241m.[39msort_index()
[0;32m      6[0m nt [38;5;241m=[39m df[38;5;241m.[39mdrop(columns[38;5;241m=[39m[[38;5;124m"[39m[38;5;124mclass_label[39m[38;5;124m"[39m, [38;5;124m"[39m[38;5;124mid_protein[39m[38;5;124m"[39m])

File [1;32mc:\users\jordan\appdata\local\programs\python\python39\lib\site-packages\pandas\io\sql.py:590[0m, in [0;36mread_sql[1;34m(sql, con, index_col, coerce_float, params, parse_dates, columns, chunksize)[0m
[0;32m    581[0m     [38;5;28;01mreturn[39;00m pandas_sql[38;5;241m.[39mread_table(
[0;32m    582[0m         sql,
[0;32m    583[0m         index_col[38;5;241m=[39mindex_col,
[1;32m   (...)[0m
[0;32m    587[0m         chunksize[38;5;241m=[39mchunksize,
[0;32m    588[0m     )
[0;32m    589[0m [38;5;28;01melse[39;00m:
[1;32m--> 590[0m     [38;5;28;01mreturn[39;00m [43mpandas_sql[49m[38;5;241;43m.[39;49m[43mread_query[49m[43m([49m
[0;32m    591[0m [43m        [49m[43msql[49m[43m,[49m
[0;32m    592[0m [43m        [49m[43mindex_col[49m[38;5;241;43m=[39;49m[43mindex_col[49m[43m,[49m
[0;32m    593[0m [43m        [49m[43mparams[49m[38;5;241;43m=[39;49m[43mparams[49m[43m,[49m
[0;32m    594[0m [43m        [49m[43mcoerce_float[49m[38;5;241;43m=[39;49m[43mcoerce_float[49m[43m,[49m
[0;32m    595[0m [43m        [49m[43mparse_dates[49m[38;5;241;43m=[39;49m[43mparse_dates[49m[43m,[49m
[0;32m    596[0m [43m        [49m[43mchunksize[49m[38;5;241;43m=[39;49m[43mchunksize[49m[43m,[49m
[0;32m    597[0m [43m    [49m[43m)[49m

File [1;32mc:\users\jordan\appdata\local\programs\python\python39\lib\site-packages\pandas\io\sql.py:1560[0m, in [0;36mSQLDatabase.read_query[1;34m(self, sql, index_col, coerce_float, parse_dates, params, chunksize, dtype)[0m
[0;32m   1512[0m [38;5;250m[39m[38;5;124;03m"""[39;00m
[0;32m   1513[0m [38;5;124;03mRead SQL query into a DataFrame.[39;00m
[0;32m   1514[0m 
[1;32m   (...)[0m
[0;32m   1556[0m 
[0;32m   1557[0m [38;5;124;03m"""[39;00m
[0;32m   1558[0m args [38;5;241m=[39m _convert_params(sql, params)
[1;32m-> 1560[0m result [38;5;241m=[39m [38;5;28;43mself[39;49m[38;5;241;43m.[39;49m[43mexecute[49m[43m([49m[38;5;241;43m*[39;49m[43margs[49m[43m)[49m
[0;32m   1561[0m columns [38;5;241m=[39m result[38;5;241m.[39mkeys()
[0;32m   1563[0m [38;5;28;01mif[39;00m chunksize [38;5;129;01mis[39;00m [38;5;129;01mnot[39;00m [38;5;28;01mNone[39;00m:

File [1;32mc:\users\jordan\appdata\local\programs\python\python39\lib\site-packages\pandas\io\sql.py:1405[0m, in [0;36mSQLDatabase.execute[1;34m(self, *args, **kwargs)[0m
[0;32m   1403[0m [38;5;28;01mdef[39;00m[38;5;250m [39m[38;5;21mexecute[39m([38;5;28mself[39m, [38;5;241m*[39margs, [38;5;241m*[39m[38;5;241m*[39mkwargs):
[0;32m   1404[0m [38;5;250m    [39m[38;5;124;03m"""Simple passthrough to SQLAlchemy connectable"""[39;00m
[1;32m-> 1405[0m     [38;5;28;01mreturn[39;00m [38;5;28;43mself[39;49m[38;5;241;43m.[39;49m[43mconnectable[49m[38;5;241;43m.[39;49m[43mexecution_options[49m[43m([49m[43m)[49m[38;5;241;43m.[39;49m[43mexecute[49m([38;5;241m*[39margs, [38;5;241m*[39m[38;5;241m*[39mkwargs)

[1;31mAttributeError[0m: 'OptionEngine' object has no attribute 'execute'

