Traceback (most recent call last):
  File "C:\Users\Jordan\anaconda3\Lib\site-packages\jupyter_cache\executors\utils.py", line 58, in single_nb_execution
    executenb(
  File "C:\Users\Jordan\anaconda3\Lib\site-packages\nbclient\client.py", line 1305, in execute
    return NotebookClient(nb=nb, resources=resources, km=km, **kwargs).execute()
           ^^^^^^^^^^^^^^^^^^^^^^^^^^^^^^^^^^^^^^^^^^^^^^^^^^^^^^^^^^^^^^^^^^^^^
  File "C:\Users\Jordan\anaconda3\Lib\site-packages\jupyter_core\utils\__init__.py", line 165, in wrapped
    return loop.run_until_complete(inner)
           ^^^^^^^^^^^^^^^^^^^^^^^^^^^^^^
  File "C:\Users\Jordan\anaconda3\Lib\asyncio\base_events.py", line 687, in run_until_complete
    return future.result()
           ^^^^^^^^^^^^^^^
  File "C:\Users\Jordan\anaconda3\Lib\site-packages\nbclient\client.py", line 705, in async_execute
    await self.async_execute_cell(
  File "C:\Users\Jordan\anaconda3\Lib\site-packages\nbclient\client.py", line 1058, in async_execute_cell
    await self._check_raise_for_error(cell, cell_index, exec_reply)
  File "C:\Users\Jordan\anaconda3\Lib\site-packages\nbclient\client.py", line 914, in _check_raise_for_error
    raise CellExecutionError.from_cell_and_msg(cell, exec_reply_content)
nbclient.exceptions.CellExecutionError: An error occurred while executing the following cell:
------------------
import pandas as pd
import matplotlib.pyplot as plt
import numpy as np
from sklearn.decomposition import PCA
from sklearn.neighbors import NearestNeighbors
from sqlalchemy import create_engine
from collections import Counter

# === 1. Koneksi ke MySQL XAMPP ===
engine = create_engine("mysql+pymysql://root:@localhost:3306/ecoli")

# ambil data dari tabel
df = pd.read_sql("SELECT * FROM ecoli;", engine)

print("Jumlah baris:", len(df))
print(df.head())

# === 3. Pisahkan fitur & label ===
X = df[[f"feature{i}" for i in range(1, 8)]].values
y = df["class_label"].values

# === 4. PCA untuk data asli ===
pca = PCA(n_components=2)
X_pca = pca.fit_transform(X)

plt.figure(figsize=(8,6))
for label in np.unique(y):
    idx = (y == label)
    plt.scatter(X_pca[idx,0], X_pca[idx,1], label=label, alpha=0.7)
plt.title("PCA Scatter Plot (Original Data)")
plt.xlabel("PC1"); plt.ylabel("PC2")
plt.legend(); plt.show()

# === 5. Custom SMOTE Oversampling ===
class_counts = Counter(y)
print("Distribusi kelas sebelum balancing:", class_counts)

max_class_size = max(class_counts.values())
X_res, y_res = [], []

k_neighbors = 5  # jumlah tetangga untuk interpolasi

for cls in np.unique(y):
    X_cls = X[y == cls]
    n_samples = len(X_cls)
    n_to_add = max_class_size - n_samples

    X_res.append(X_cls)
    y_res.extend([cls] * n_samples)

    if n_to_add > 0:
        # Cari k tetangga terdekat
        nn = NearestNeighbors(n_neighbors=min(k_neighbors, len(X_cls)))
        nn.fit(X_cls)

        synthetic_samples = []
        for _ in range(n_to_add):
            i = np.random.randint(0, len(X_cls))
            x_i = X_cls[i].reshape(1, -1)

            neighbors = nn.kneighbors(x_i, return_distance=False)
            neighbor_idx = np.random.choice(neighbors[0])
            x_neighbor = X_cls[neighbor_idx]

            # Interpolasi linear (SMOTE)
            lam = np.random.rand()
            x_new = x_i + lam * (x_neighbor - x_i)
            synthetic_samples.append(x_new.flatten())

        X_res.append(np.array(synthetic_samples))
        y_res.extend([cls] * n_to_add)

X_res = np.vstack(X_res)
y_res = np.array(y_res)

print("Distribusi kelas setelah balancing:", Counter(y_res))

# === 6. Tandai data sintetis ===
X_rounded = np.round(X, 5)
X_res_rounded = np.round(X_res, 5)
synthetic_mask = [tuple(x) not in set(map(tuple, X_rounded)) for x in X_res_rounded]

# === 7. PCA untuk hasil balancing ===
X_res_pca = pca.transform(X_res)

plt.figure(figsize=(8,6))
for label in np.unique(y_res):
    idx = (y_res == label)
    plt.scatter(X_res_pca[idx,0], X_res_pca[idx,1], label=label, alpha=0.5)

plt.scatter(X_res_pca[synthetic_mask,0], X_res_pca[synthetic_mask,1],
            c="red", marker="x", label="Synthetic Data")

plt.title("PCA Scatter Plot (Balanced with SMOTE Oversampling)")
plt.xlabel("PC1"); plt.ylabel("PC2")
plt.legend(); plt.show()

# === 8. Simpan hasil balancing ke CSV ===
df_balanced = pd.DataFrame(X_res, columns=[f"feature{i}" for i in range(1, 8)])
df_balanced["class_label"] = y_res

# tambahkan kolom id_protein (auto-generate)
df_balanced.insert(0, "id_protein", [f"P{str(i+1).zfill(4)}" for i in range(len(df_balanced))])

df_balanced.to_csv("ecoli_balanced_smote.csv", index=False)
print("✅ Hasil balancing SMOTE berhasil disimpan ke 'ecoli_balanced_smote.csv'")

------------------


[1;31m---------------------------------------------------------------------------[0m
[1;31mModuleNotFoundError[0m                       Traceback (most recent call last)
Cell [1;32mIn[1], line 10[0m
[0;32m      7[0m [38;5;28;01mfrom[39;00m [38;5;21;01mcollections[39;00m [38;5;28;01mimport[39;00m Counter
[0;32m      9[0m [38;5;66;03m# === 1. Koneksi ke MySQL XAMPP ===[39;00m
[1;32m---> 10[0m engine [38;5;241m=[39m create_engine([38;5;124m"[39m[38;5;124mmysql+pymysql://root:@localhost:3306/ecoli[39m[38;5;124m"[39m)
[0;32m     12[0m [38;5;66;03m# ambil data dari tabel[39;00m
[0;32m     13[0m df [38;5;241m=[39m pd[38;5;241m.[39mread_sql([38;5;124m"[39m[38;5;124mSELECT * FROM ecoli;[39m[38;5;124m"[39m, engine)

File [1;32m<string>:2[0m, in [0;36mcreate_engine[1;34m(url, **kwargs)[0m

File [1;32m~\anaconda3\Lib\site-packages\sqlalchemy\util\deprecations.py:281[0m, in [0;36mdeprecated_params.<locals>.decorate.<locals>.warned[1;34m(fn, *args, **kwargs)[0m
[0;32m    274[0m     [38;5;28;01mif[39;00m m [38;5;129;01min[39;00m kwargs:
[0;32m    275[0m         _warn_with_version(
[0;32m    276[0m             messages[m],
[0;32m    277[0m             versions[m],
[0;32m    278[0m             version_warnings[m],
[0;32m    279[0m             stacklevel[38;5;241m=[39m[38;5;241m3[39m,
[0;32m    280[0m         )
[1;32m--> 281[0m [38;5;28;01mreturn[39;00m fn([38;5;241m*[39margs, [38;5;241m*[39m[38;5;241m*[39mkwargs)

File [1;32m~\anaconda3\Lib\site-packages\sqlalchemy\engine\create.py:599[0m, in [0;36mcreate_engine[1;34m(url, **kwargs)[0m
[0;32m    597[0m         [38;5;28;01mif[39;00m k [38;5;129;01min[39;00m kwargs:
[0;32m    598[0m             dbapi_args[k] [38;5;241m=[39m pop_kwarg(k)
[1;32m--> 599[0m     dbapi [38;5;241m=[39m dbapi_meth([38;5;241m*[39m[38;5;241m*[39mdbapi_args)
[0;32m    601[0m dialect_args[[38;5;124m"[39m[38;5;124mdbapi[39m[38;5;124m"[39m] [38;5;241m=[39m dbapi
[0;32m    603[0m dialect_args[38;5;241m.[39msetdefault([38;5;124m"[39m[38;5;124mcompiler_linting[39m[38;5;124m"[39m, compiler[38;5;241m.[39mNO_LINTING)

File [1;32m~\anaconda3\Lib\site-packages\sqlalchemy\dialects\mysql\pymysql.py:75[0m, in [0;36mMySQLDialect_pymysql.import_dbapi[1;34m(cls)[0m
[0;32m     73[0m [38;5;129m@classmethod[39m
[0;32m     74[0m [38;5;28;01mdef[39;00m [38;5;21mimport_dbapi[39m([38;5;28mcls[39m):
[1;32m---> 75[0m     [38;5;28;01mreturn[39;00m [38;5;28m__import__[39m([38;5;124m"[39m[38;5;124mpymysql[39m[38;5;124m"[39m)

[1;31mModuleNotFoundError[0m: No module named 'pymysql'

